<!DOCTYPE html>
<html lang="ko-KR">
<head>
	<meta http-equiv="X-UA-Compatible" content="IE=Edge">
	<meta charset="UTF-8">
	<title>Indulge</title>
	<link rel="stylesheet" href="../../resources/initialization/common.css">
	<link rel="stylesheet" href="../../resources/initialization/normalize.css">
	<link rel="stylesheet" href="../../resources/css/font-awesome.min.css">
	<link href='http://spoqa.github.io/spoqa-han-sans/css/SpoqaHanSans-kr.css' rel='stylesheet' type='text/css'>
	<link rel="stylesheet" href="css/indulge1.css">
</head>
<body>
	<div class="wrapper">
		<div class="header clearfix container">
			<h1 class="logo">
				<a href="#">
					<img src="image/GOLDEN-1.png" alt="GOLDEN" width="219" height="41">
				</a>
			</h1>
			<ul class="header-inner reset-list clearfix">
				<li class="menu-list-item unit-s-1-3 unit-l-6-10">
					<a href="#" class="header-menu">menu</a>
					<ul class="depth-list reset-list clearfix">
						<li class="depth-menu-focus"><a href="#">HOME</a></li>
						<li class="depth-menu-carnel"><a href="#">Life Style</a></li>
						<li class="depth-menu-hobby"><a href="#">Travel</a></li>
						<li class="depth-menu-products"><a href="#">Work</a></li>
						<li class="depth-menu-interest"><a href="#">Contact</a></li>
					</ul>
				</li>
				<li class="menu-list-item unit-s-1-3">
					<a href="#" class="header-search">검색</a>
					<form class="search-box">
						<fieldset class="search-bar">
						<legend>검색</legend>
							<input type="text">
							<button type="submit" class="search-btn"></button>
						</fieldset>
						</form>
				</li>
				<li class="menu-list-item unit-s-1-3">
					<a href="#" class="header-bookmark">북마크
					</a>
				</li>
			</ul> 
			<!-- /header-inner -->
		</div>
		<!-- /header -->
		<main class="clearfix container">
			<section class="main-text">
				<h3 class="screen-out">둘러보기</h3>
				<p class="focus-on">
				<strong>도시, 페스티벌</strong>
					인생에 있어 황홀한 경험을 맞다.
				</p>
				<a href="#" class="deep-dive">View More</a>
			</section>
			<!-- /main-text -->
			<section class="main-content clearfix">
				<h3 class="screen-out">content</h3>
				<div class="inner-content unit-l-4-10 clearfix">
					<div class="photo-content-1 unit-s-1-2 unit-l-1-2"></div>
					<div class="cta-box unit-s-1-2 unit-l-1-2">
						<p class="citation">
							Why don't you ask your Dream is Bright?
						</p>
						<a href="#" class="content-btn">Free Sign up</a>
					</div>
					<a href="#" class="photo-content-2 unit-s-1-2 unit-l-1-2">
						<p class="citation-photo">
							지방자치단체는 주민의 복리에 관한 사무를 처리하고 재산을 관리하며, 법령의 범위안에서 자치에 관한 규정
						</p>
					</a>
					<div class="photo-content-3 unit-s-1-2 unit-l-1-2">
					</div>
				</div>
				<!-- /inner-content -->
				<div class="inner-content unit-l-3-10 clearfix">
					<a href="#" class="photo-content-4 unit-l-2-2">
						<p class="citation-photo">
							지방자치단체는 주민의 복리에 관한 사무를 처리하고 재산을 관리하며, 법령의 범위안에서 자치에 관한 규정을 제정할 수 있다. 
						</p>
					</a>
					<a href="#" class="photo-content-5 unit-l-2-2">
						<p class="citation-photo">
							지방자치단체는 주민의 복리에 관한 사무를 처리하고 재산을 관리하며, 법령의 범위안에서 자치에 관한 규
						</p>
					</a>
				</div>
				<div class="inner-content unit-l-3-10 clearfix">	
					<a href="#" class="photo-content-6 unit-l-2-2">
						<p class="citation-photo">
							지방자치단체는 주민의 복리에 관한 사무를 처리하고 재산을 관리하며, 법령의 범위안에서 자치에 관한 규정
						</p>
					</a>
				</div>
				<div class="inner-content unit-l-2-10 clearfix">
					<div class="photo-content-7 unit-s-1-2 unit-l-2-2"></div>
					<div class="photo-content-8 unit-s-1-2 unit-l-2-2"></div>
				</div>
				<!-- /inner-content -->
				<div class="inner-content unit-l-4-10 clearfix">
					<a href="#" class="photo-content-9 unit-l-4-4">
						<p class="citation-photo">
							지방자치단체는 주민의 복리에 관한 사무를 처리하고 재산을 관리하며, 법령의 범위안에서 자치에 관한 규정
						</p>
					</a>
				</div>
				<!-- /inner-content -->
				<div class="inner-content unit-l-4-10 clearfix">
					<div class="cta-box unit-s-1-2 unit-l-2-4">
						<p class="citation">
							지방자치단체는 주민의 복리에 관한 사무를 처리하고 재산을 관리하며, 법령의 범위안에서 자치에 관한 규정
						</p>
						<a href="#" class="content-btn">Visit Street</a>
					</div>
					<a href="#" class="photo-content-10 unit-s-1-2 unit-l-2-4"></a>
					<a href="#" class="photo-content-11 unit-l-4-4">
						<p class="citation-photo">지방자치단체는 주민의 복리에 관한 사무를 처리하고 재산을 관리하며, 법령의 범위안에서 자치에 관한 규정</p>
					</a>
				</div>
				<!-- /inner-content -->
				<div class="inner-content right unit-l-4-10 clearfix">
					<a href="#" class="photo-content-12 unit-s-1-2 unit-l-2-4">
						<p class="citation-photo">지방자치단체는 주민의 복리에 관한 사무를 처리하고 재산을 관리하며, 법령의 범위안에서 자치에 관한 규정</p>
					</a>
					<a href="#" class="photo-content-13 unit-s-1-2 unit-l-2-4">
						<p class="citation-photo">지방자치단체는 주민의 복리에 관한 사무를 처리하고 재산을 관리하며, 법령의 범위안에서 자치에 관한 규정</p>
					</a>
				</div>
				<div class="inner-content unit-l-6-10 clearfix">
					<div class="photo-content-14 unit-6-6">
					</div>
				</div>
				<!-- /inner-content -->
			</section>
			<!-- /main-content -->
		</main>
		<footer>
			<div class="container clearfix">
				<div class="footer-logo">
					<img src="image/GOLDEN-1.png" alt="golden">
				</div>
				<ul class="footer-sns reset-list clearfix">
					<li class="nav-facebook unit-s-1-3">
						<a href="#">
							<i class="fa fa-facebook-square" aria-hidden="true" aria-label="facebook"></i>
						</a>
					</li>
					<li class="nav-twitter unit-s-1-3">
						<a href="#">
							<i class="fa fa-twitter" aria-hidden="true" aria-label="twitter"></i>
						</a>
					</li>
					<li class="nav-youtube unit-s-1-3">
						<a href="#">
							<i class="fa fa-youtube-play" aria-hidden="true" aria-label="youtube"></i>
						</a>
					</li>
				</ul>
				<ul class="footer-nav unit-l-6-10 reset-list clearfix">
					<li><a href="">Sitemap terms & coodination</a></li>
					<li><a href="">Privacy pollicy</a></li>
					<li><a href="">Our partners</a></li>
					<li><a href="">Change country</a></li>
					<li><a href="">Share</a></li>
				</ul>
			</div>
		</footer>
	</div>
	
</body>
</html>